---
source: gateway/src/main_service/tests.rs
assertion_line: 36
expression: info1
---
InstanceInfo {
    id: "test-id-1",
    app_id: "app-id-1",
    ip: 10.0.0.3,
    public_key: "test-pubkey-1",
    reg_time: SystemTime {
        tv_sec: 0,
        tv_nsec: 0,
    },
    last_seen: SystemTime {
        tv_sec: 0,
        tv_nsec: 0,
    },
    connections: 0,
}
