---
source: lspci/src/lib.rs
assertion_line: 303
expression: devices
---
[
    Device {
        slot: "bc:02.0",
        class: "PCI bridge",
        class_id: "0604",
        description: "PMC-Sierra Inc.",
        vendor_id: "11f8",
        product_id: "4128",
        control: Control {
            io: true,
            mem: true,
            bus_master: true,
        },
        numa_node: Some(
            1,
        ),
    },
    Device {
        slot: "bc:03.0",
        class: "PCI bridge",
        class_id: "0604",
        description: "PMC-Sierra Inc.",
        vendor_id: "11f8",
        product_id: "4128",
        control: Control {
            io: true,
            mem: true,
            bus_master: true,
        },
        numa_node: Some(
            1,
        ),
    },
    Device {
        slot: "bd:00.0",
        class: "Bridge",
        class_id: "0680",
        description: "NVIDIA Corporation GH100 [H100 NVSwitch]",
        vendor_id: "10de",
        product_id: "22a3",
        control: Control {
            io: false,
            mem: false,
            bus_master: false,
        },
        numa_node: Some(
            1,
        ),
    },
    Device {
        slot: "be:00.0",
        class: "Bridge",
        class_id: "0680",
        description: "NVIDIA Corporation GH100 [H100 NVSwitch]",
        vendor_id: "10de",
        product_id: "22a3",
        control: Control {
            io: false,
            mem: false,
            bus_master: false,
        },
        numa_node: Some(
            1,
        ),
    },
    Device {
        slot: "bf:00.0",
        class: "Bridge",
        class_id: "0680",
        description: "NVIDIA Corporation GH100 [H100 NVSwitch]",
        vendor_id: "10de",
        product_id: "22a3",
        control: Control {
            io: false,
            mem: false,
            bus_master: false,
        },
        numa_node: Some(
            1,
        ),
    },
]
